---
source: ww-effects/src/effects/maths/split_plane.rs
expression: driver.data
---
[
  Frame3D(Frame3D(
    objects: [
      FrameObject(
        object: SplitPlane(
          normal: Vec3(0.0, 1.0, 0.0),
          k: 0.0,
          blend: 0.05,
          positive_side_colour: (244, 29, 9),
          negative_side_colour: (26, 234, 23),
        ),
        colour: (0, 0, 0),
        fadeoff: 0.0,
      ),
    ],
    blend: false,
  )),
  Frame3D(Frame3D(
    objects: [
      FrameObject(
        object: SplitPlane(
          normal: Vec3(0.0, 0.99995, 0.009999833),
          k: 0.052443486,
          blend: 0.05,
          positive_side_colour: (244, 29, 9),
          negative_side_colour: (26, 234, 23),
        ),
        colour: (0, 0, 0),
        fadeoff: 0.0,
      ),
    ],
    blend: false,
  )),
  Frame3D(Frame3D(
    objects: [
      FrameObject(
        object: SplitPlane(
          normal: Vec3(0.0, 0.99979997, 0.019998666),
          k: 0.0359184,
          blend: 0.05,
          positive_side_colour: (244, 29, 9),
          negative_side_colour: (26, 234, 23),
        ),
        colour: (0, 0, 0),
        fadeoff: 0.0,
      ),
    ],
    blend: false,
  )),
  Frame3D(Frame3D(
    objects: [
      FrameObject(
        object: SplitPlane(
          normal: Vec3(0.0, 0.99955004, 0.029995501),
          k: -0.049563266,
          blend: 0.05,
          positive_side_colour: (244, 29, 9),
          negative_side_colour: (26, 234, 23),
        ),
        colour: (0, 0, 0),
        fadeoff: 0.0,
      ),
    ],
    blend: false,
  )),
  Frame3D(Frame3D(
    objects: [
      FrameObject(
        object: SplitPlane(
          normal: Vec3(0.0, 0.99920017, 0.039989334),
          k: 0.071822435,
          blend: 0.05,
          positive_side_colour: (244, 29, 9),
          negative_side_colour: (26, 234, 23),
        ),
        colour: (0, 0, 0),
        fadeoff: 0.0,
      ),
    ],
    blend: false,
  )),
  Frame3D(Frame3D(
    objects: [
      FrameObject(
        object: SplitPlane(
          normal: Vec3(0.0, 0.9987502, 0.049979165),
          k: 0.26211256,
          blend: 0.05,
          positive_side_colour: (244, 29, 9),
          negative_side_colour: (26, 234, 23),
        ),
        colour: (0, 0, 0),
        fadeoff: 0.0,
      ),
    ],
    blend: false,
  )),
  Frame3D(Frame3D(
    objects: [
      FrameObject(
        object: SplitPlane(
          normal: Vec3(0.0, 0.99820054, 0.059964),
          k: 0.10769773,
          blend: 0.05,
          positive_side_colour: (244, 29, 9),
          negative_side_colour: (26, 234, 23),
        ),
        colour: (0, 0, 0),
        fadeoff: 0.0,
      ),
    ],
    blend: false,
  )),
  Frame3D(Frame3D(
    objects: [
      FrameObject(
        object: SplitPlane(
          normal: Vec3(0.0, 0.99755096, 0.06994284),
          k: -0.115570515,
          blend: 0.05,
          positive_side_colour: (244, 29, 9),
          negative_side_colour: (26, 234, 23),
        ),
        colour: (0, 0, 0),
        fadeoff: 0.0,
      ),
    ],
    blend: false,
  )),
  Frame3D(Frame3D(
    objects: [
      FrameObject(
        object: SplitPlane(
          normal: Vec3(0.0, 0.99680173, 0.07991468),
          k: 0.14352995,
          blend: 0.05,
          positive_side_colour: (244, 29, 9),
          negative_side_colour: (26, 234, 23),
        ),
        colour: (0, 0, 0),
        fadeoff: 0.0,
      ),
    ],
    blend: false,
  )),
  Frame3D(Frame3D(
    objects: [
      FrameObject(
        object: SplitPlane(
          normal: Vec3(0.0, 0.9959527, 0.089878544),
          k: 0.4713623,
          blend: 0.05,
          positive_side_colour: (244, 29, 9),
          negative_side_colour: (26, 234, 23),
        ),
        colour: (0, 0, 0),
        fadeoff: 0.0,
      ),
    ],
    blend: false,
  )),
  Frame3D(Frame3D(
    objects: [
      FrameObject(
        object: SplitPlane(
          normal: Vec3(0.0, 0.9950042, 0.0998334),
          k: 0.17930476,
          blend: 0.05,
          positive_side_colour: (244, 29, 9),
          negative_side_colour: (26, 234, 23),
        ),
        colour: (0, 0, 0),
        fadeoff: 0.0,
      ),
    ],
    blend: false,
  )),
  Frame3D(Frame3D(
    objects: [
      FrameObject(
        object: SplitPlane(
          normal: Vec3(0.0, 0.9939561, 0.10977829),
          k: -0.1813929,
          blend: 0.05,
          positive_side_colour: (244, 29, 9),
          negative_side_colour: (26, 234, 23),
        ),
        colour: (0, 0, 0),
        fadeoff: 0.0,
      ),
    ],
    blend: false,
  )),
  Frame3D(Frame3D(
    objects: [
      FrameObject(
        object: SplitPlane(
          normal: Vec3(0.0, 0.9928086, 0.11971219),
          k: 0.21500786,
          blend: 0.05,
          positive_side_colour: (244, 29, 9),
          negative_side_colour: (26, 234, 23),
        ),
        colour: (0, 0, 0),
        fadeoff: 0.0,
      ),
    ],
    blend: false,
  )),
  Frame3D(Frame3D(
    objects: [
      FrameObject(
        object: SplitPlane(
          normal: Vec3(0.0, 0.99156195, 0.12963413),
          k: 0.6798579,
          blend: 0.05,
          positive_side_colour: (244, 29, 9),
          negative_side_colour: (26, 234, 23),
        ),
        colour: (0, 0, 0),
        fadeoff: 0.0,
      ),
    ],
    blend: false,
  )),
  Frame3D(Frame3D(
    objects: [
      FrameObject(
        object: SplitPlane(
          normal: Vec3(0.0, 0.9902161, 0.1395431),
          k: 0.25062495,
          blend: 0.05,
          positive_side_colour: (244, 29, 9),
          negative_side_colour: (26, 234, 23),
        ),
        colour: (0, 0, 0),
        fadeoff: 0.0,
      ),
    ],
    blend: false,
  )),
  Frame3D(Frame3D(
    objects: [
      FrameObject(
        object: SplitPlane(
          normal: Vec3(0.0, 0.9887711, 0.14943811),
          k: -0.24692506,
          blend: 0.05,
          positive_side_colour: (244, 29, 9),
          negative_side_colour: (26, 234, 23),
        ),
        colour: (0, 0, 0),
        fadeoff: 0.0,
      ),
    ],
    blend: false,
  )),
  Frame3D(Frame3D(
    objects: [
      FrameObject(
        object: SplitPlane(
          normal: Vec3(0.0, 0.9872274, 0.15931821),
          k: 0.28614184,
          blend: 0.05,
          positive_side_colour: (244, 29, 9),
          negative_side_colour: (26, 234, 23),
        ),
        colour: (0, 0, 0),
        fadeoff: 0.0,
      ),
    ],
    blend: false,
  )),
  Frame3D(Frame3D(
    objects: [
      FrameObject(
        object: SplitPlane(
          normal: Vec3(0.0, 0.9855848, 0.16918235),
          k: 0.88726604,
          blend: 0.05,
          positive_side_colour: (244, 29, 9),
          negative_side_colour: (26, 234, 23),
        ),
        colour: (0, 0, 0),
        fadeoff: 0.0,
      ),
    ],
    blend: false,
  )),
  Frame3D(Frame3D(
    objects: [
      FrameObject(
        object: SplitPlane(
          normal: Vec3(0.0, 0.9838437, 0.17902958),
          k: 0.32154426,
          blend: 0.05,
          positive_side_colour: (244, 29, 9),
          negative_side_colour: (26, 234, 23),
        ),
        colour: (0, 0, 0),
        fadeoff: 0.0,
      ),
    ],
    blend: false,
  )),
  Frame3D(Frame3D(
    objects: [
      FrameObject(
        object: SplitPlane(
          normal: Vec3(0.0, 0.9820043, 0.18885891),
          k: -0.31206226,
          blend: 0.05,
          positive_side_colour: (244, 29, 9),
          negative_side_colour: (26, 234, 23),
        ),
        colour: (0, 0, 0),
        fadeoff: 0.0,
      ),
    ],
    blend: false,
  )),
  Frame3D(Frame3D(
    objects: [
      FrameObject(
        object: SplitPlane(
          normal: Vec3(0.0, 0.9800666, 0.19866936),
          k: 0.35681808,
          blend: 0.05,
          positive_side_colour: (244, 29, 9),
          negative_side_colour: (26, 234, 23),
        ),
        colour: (0, 0, 0),
        fadeoff: 0.0,
      ),
    ],
    blend: false,
  )),
  Frame3D(Frame3D(
    objects: [
      FrameObject(
        object: SplitPlane(
          normal: Vec3(0.0, 0.978031, 0.20845993),
          k: 1.0932548,
          blend: 0.05,
          positive_side_colour: (244, 29, 9),
          negative_side_colour: (26, 234, 23),
        ),
        colour: (0, 0, 0),
        fadeoff: 0.0,
      ),
    ],
    blend: false,
  )),
  Frame3D(Frame3D(
    objects: [
      FrameObject(
        object: SplitPlane(
          normal: Vec3(0.0, 0.97589743, 0.21822965),
          k: 0.39194915,
          blend: 0.05,
          positive_side_colour: (244, 29, 9),
          negative_side_colour: (26, 234, 23),
        ),
        colour: (0, 0, 0),
        fadeoff: 0.0,
      ),
    ],
    blend: false,
  )),
  Frame3D(Frame3D(
    objects: [
      FrameObject(
        object: SplitPlane(
          normal: Vec3(0.0, 0.9736664, 0.22797756),
          k: -0.37670022,
          blend: 0.05,
          positive_side_colour: (244, 29, 9),
          negative_side_colour: (26, 234, 23),
        ),
        colour: (0, 0, 0),
        fadeoff: 0.0,
      ),
    ],
    blend: false,
  )),
  Frame3D(Frame3D(
    objects: [
      FrameObject(
        object: SplitPlane(
          normal: Vec3(0.0, 0.971338, 0.23770267),
          k: 0.42692345,
          blend: 0.05,
          positive_side_colour: (244, 29, 9),
          negative_side_colour: (26, 234, 23),
        ),
        colour: (0, 0, 0),
        fadeoff: 0.0,
      ),
    ],
    blend: false,
  )),
  Frame3D(Frame3D(
    objects: [
      FrameObject(
        object: SplitPlane(
          normal: Vec3(0.0, 0.9689124, 0.247404),
          k: 1.2974945,
          blend: 0.05,
          positive_side_colour: (244, 29, 9),
          negative_side_colour: (26, 234, 23),
        ),
        colour: (0, 0, 0),
        fadeoff: 0.0,
      ),
    ],
    blend: false,
  )),
  Frame3D(Frame3D(
    objects: [
      FrameObject(
        object: SplitPlane(
          normal: Vec3(0.0, 0.96639, 0.25708058),
          k: 0.46172696,
          blend: 0.05,
          positive_side_colour: (244, 29, 9),
          negative_side_colour: (26, 234, 23),
        ),
        colour: (0, 0, 0),
        fadeoff: 0.0,
      ),
    ],
    blend: false,
  )),
  Frame3D(Frame3D(
    objects: [
      FrameObject(
        object: SplitPlane(
          normal: Vec3(0.0, 0.9637709, 0.26673144),
          k: -0.44073546,
          blend: 0.05,
          positive_side_colour: (244, 29, 9),
          negative_side_colour: (26, 234, 23),
        ),
        colour: (0, 0, 0),
        fadeoff: 0.0,
      ),
    ],
    blend: false,
  )),
  Frame3D(Frame3D(
    objects: [
      FrameObject(
        object: SplitPlane(
          normal: Vec3(0.0, 0.96105546, 0.27635565),
          k: 0.49634576,
          blend: 0.05,
          positive_side_colour: (244, 29, 9),
          negative_side_colour: (26, 234, 23),
        ),
        colour: (0, 0, 0),
        fadeoff: 0.0,
      ),
    ],
    blend: false,
  )),
  Frame3D(Frame3D(
    objects: [
      FrameObject(
        object: SplitPlane(
          normal: Vec3(0.0, 0.95824385, 0.2859522),
          k: 1.4996581,
          blend: 0.05,
          positive_side_colour: (244, 29, 9),
          negative_side_colour: (26, 234, 23),
        ),
        colour: (0, 0, 0),
        fadeoff: 0.0,
      ),
    ],
    blend: false,
  )),
  Frame3D(Frame3D(
    objects: [
      FrameObject(
        object: SplitPlane(
          normal: Vec3(0.0, 0.95533645, 0.2955202),
          k: 0.530766,
          blend: 0.05,
          positive_side_colour: (244, 29, 9),
          negative_side_colour: (26, 234, 23),
        ),
        colour: (0, 0, 0),
        fadeoff: 0.0,
      ),
    ],
    blend: false,
  )),
  Frame3D(Frame3D(
    objects: [
      FrameObject(
        object: SplitPlane(
          normal: Vec3(0.0, 0.95233357, 0.3050586),
          k: -0.5040656,
          blend: 0.05,
          positive_side_colour: (244, 29, 9),
          negative_side_colour: (26, 234, 23),
        ),
        colour: (0, 0, 0),
        fadeoff: 0.0,
      ),
    ],
    blend: false,
  )),
  Frame3D(Frame3D(
    objects: [
      FrameObject(
        object: SplitPlane(
          normal: Vec3(0.0, 0.9492354, 0.31456652),
          k: 0.564974,
          blend: 0.05,
          positive_side_colour: (244, 29, 9),
          negative_side_colour: (26, 234, 23),
        ),
        colour: (0, 0, 0),
        fadeoff: 0.0,
      ),
    ],
    blend: false,
  )),
  Frame3D(Frame3D(
    objects: [
      FrameObject(
        object: SplitPlane(
          normal: Vec3(0.0, 0.94604236, 0.324043),
          k: 1.6994228,
          blend: 0.05,
          positive_side_colour: (244, 29, 9),
          negative_side_colour: (26, 234, 23),
        ),
        colour: (0, 0, 0),
        fadeoff: 0.0,
      ),
    ],
    blend: false,
  )),
  Frame3D(Frame3D(
    objects: [
      FrameObject(
        object: SplitPlane(
          normal: Vec3(0.0, 0.94275475, 0.33348703),
          k: 0.598956,
          blend: 0.05,
          positive_side_colour: (244, 29, 9),
          negative_side_colour: (26, 234, 23),
        ),
        colour: (0, 0, 0),
        fadeoff: 0.0,
      ),
    ],
    blend: false,
  )),
  Frame3D(Frame3D(
    objects: [
      FrameObject(
        object: SplitPlane(
          normal: Vec3(0.0, 0.9393728, 0.34289774),
          k: -0.56658936,
          blend: 0.05,
          positive_side_colour: (244, 29, 9),
          negative_side_colour: (26, 234, 23),
        ),
        colour: (0, 0, 0),
        fadeoff: 0.0,
      ),
    ],
    blend: false,
  )),
  Frame3D(Frame3D(
    objects: [
      FrameObject(
        object: SplitPlane(
          normal: Vec3(0.0, 0.9358968, 0.35227415),
          k: 0.6326984,
          blend: 0.05,
          positive_side_colour: (244, 29, 9),
          negative_side_colour: (26, 234, 23),
        ),
        colour: (0, 0, 0),
        fadeoff: 0.0,
      ),
    ],
    blend: false,
  )),
  Frame3D(Frame3D(
    objects: [
      FrameObject(
        object: SplitPlane(
          normal: Vec3(0.0, 0.9323274, 0.36161536),
          k: 1.8964688,
          blend: 0.05,
          positive_side_colour: (244, 29, 9),
          negative_side_colour: (26, 234, 23),
        ),
        colour: (0, 0, 0),
        fadeoff: 0.0,
      ),
    ],
    blend: false,
  )),
  Frame3D(Frame3D(
    objects: [
      FrameObject(
        object: SplitPlane(
          normal: Vec3(0.0, 0.9286646, 0.3709204),
          k: 0.66618776,
          blend: 0.05,
          positive_side_colour: (244, 29, 9),
          negative_side_colour: (26, 234, 23),
        ),
        colour: (0, 0, 0),
        fadeoff: 0.0,
      ),
    ],
    blend: false,
  )),
  Frame3D(Frame3D(
    objects: [
      FrameObject(
        object: SplitPlane(
          normal: Vec3(0.0, 0.9249091, 0.38018835),
          k: -0.62820673,
          blend: 0.05,
          positive_side_colour: (244, 29, 9),
          negative_side_colour: (26, 234, 23),
        ),
        colour: (0, 0, 0),
        fadeoff: 0.0,
      ),
    ],
    blend: false,
  )),
  Frame3D(Frame3D(
    objects: [
      FrameObject(
        object: SplitPlane(
          normal: Vec3(0.0, 0.92106104, 0.38941824),
          k: 0.6994107,
          blend: 0.05,
          positive_side_colour: (244, 29, 9),
          negative_side_colour: (26, 234, 23),
        ),
        colour: (0, 0, 0),
        fadeoff: 0.0,
      ),
    ],
    blend: false,
  )),
  Frame3D(Frame3D(
    objects: [
      FrameObject(
        object: SplitPlane(
          normal: Vec3(0.0, 0.9171209, 0.39860922),
          k: 2.0904806,
          blend: 0.05,
          positive_side_colour: (244, 29, 9),
          negative_side_colour: (26, 234, 23),
        ),
        colour: (0, 0, 0),
        fadeoff: 0.0,
      ),
    ],
    blend: false,
  )),
  Frame3D(Frame3D(
    objects: [
      FrameObject(
        object: SplitPlane(
          normal: Vec3(0.0, 0.913089, 0.40776032),
          k: 0.73235375,
          blend: 0.05,
          positive_side_colour: (244, 29, 9),
          negative_side_colour: (26, 234, 23),
        ),
        colour: (0, 0, 0),
        fadeoff: 0.0,
      ),
    ],
    blend: false,
  )),
  Frame3D(Frame3D(
    objects: [
      FrameObject(
        object: SplitPlane(
          normal: Vec3(0.0, 0.90896577, 0.41687068),
          k: -0.68881905,
          blend: 0.05,
          positive_side_colour: (244, 29, 9),
          negative_side_colour: (26, 234, 23),
        ),
        colour: (0, 0, 0),
        fadeoff: 0.0,
      ),
    ],
    blend: false,
  )),
  Frame3D(Frame3D(
    objects: [
      FrameObject(
        object: SplitPlane(
          normal: Vec3(0.0, 0.9047518, 0.42593932),
          k: 0.765004,
          blend: 0.05,
          positive_side_colour: (244, 29, 9),
          negative_side_colour: (26, 234, 23),
        ),
        colour: (0, 0, 0),
        fadeoff: 0.0,
      ),
    ],
    blend: false,
  )),
  Frame3D(Frame3D(
    objects: [
      FrameObject(
        object: SplitPlane(
          normal: Vec3(0.0, 0.9004472, 0.4349654),
          k: 2.2811484,
          blend: 0.05,
          positive_side_colour: (244, 29, 9),
          negative_side_colour: (26, 234, 23),
        ),
        colour: (0, 0, 0),
        fadeoff: 0.0,
      ),
    ],
    blend: false,
  )),
  Frame3D(Frame3D(
    objects: [
      FrameObject(
        object: SplitPlane(
          normal: Vec3(0.0, 0.8960526, 0.44394797),
          k: 0.79734826,
          blend: 0.05,
          positive_side_colour: (244, 29, 9),
          negative_side_colour: (26, 234, 23),
        ),
        colour: (0, 0, 0),
        fadeoff: 0.0,
      ),
    ],
    blend: false,
  )),
  Frame3D(Frame3D(
    objects: [
      FrameObject(
        object: SplitPlane(
          normal: Vec3(0.0, 0.8915684, 0.45288613),
          k: -0.7483294,
          blend: 0.05,
          positive_side_colour: (244, 29, 9),
          negative_side_colour: (26, 234, 23),
        ),
        colour: (0, 0, 0),
        fadeoff: 0.0,
      ),
    ],
    blend: false,
  )),
  Frame3D(Frame3D(
    objects: [
      FrameObject(
        object: SplitPlane(
          normal: Vec3(0.0, 0.88699496, 0.461779),
          k: 0.8293735,
          blend: 0.05,
          positive_side_colour: (244, 29, 9),
          negative_side_colour: (26, 234, 23),
        ),
        colour: (0, 0, 0),
        fadeoff: 0.0,
      ),
    ],
    blend: false,
  )),
  Frame3D(Frame3D(
    objects: [
      FrameObject(
        object: SplitPlane(
          normal: Vec3(0.0, 0.882333, 0.47062573),
          k: 2.4681666,
          blend: 0.05,
          positive_side_colour: (244, 29, 9),
          negative_side_colour: (26, 234, 23),
        ),
        colour: (0, 0, 0),
        fadeoff: 0.0,
      ),
    ],
    blend: false,
  )),
  Frame3D(Frame3D(
    objects: [
      FrameObject(
        object: SplitPlane(
          normal: Vec3(0.0, 0.8775826, 0.47942534),
          k: 0.861067,
          blend: 0.05,
          positive_side_colour: (244, 29, 9),
          negative_side_colour: (26, 234, 23),
        ),
        colour: (0, 0, 0),
        fadeoff: 0.0,
      ),
    ],
    blend: false,
  )),
  Frame3D(Frame3D(
    objects: [
      FrameObject(
        object: SplitPlane(
          normal: Vec3(0.0, 0.8727446, 0.4881771),
          k: -0.80664265,
          blend: 0.05,
          positive_side_colour: (244, 29, 9),
          negative_side_colour: (26, 234, 23),
        ),
        colour: (0, 0, 0),
        fadeoff: 0.0,
      ),
    ],
    blend: false,
  )),
  Frame3D(Frame3D(
    objects: [
      FrameObject(
        object: SplitPlane(
          normal: Vec3(0.0, 0.8678193, 0.49688),
          k: 0.89241624,
          blend: 0.05,
          positive_side_colour: (244, 29, 9),
          negative_side_colour: (26, 234, 23),
        ),
        colour: (0, 0, 0),
        fadeoff: 0.0,
      ),
    ],
    blend: false,
  )),
  Frame3D(Frame3D(
    objects: [
      FrameObject(
        object: SplitPlane(
          normal: Vec3(0.0, 0.8628072, 0.50553316),
          k: 2.6512365,
          blend: 0.05,
          positive_side_colour: (244, 29, 9),
          negative_side_colour: (26, 234, 23),
        ),
        colour: (0, 0, 0),
        fadeoff: 0.0,
      ),
    ],
    blend: false,
  )),
  Frame3D(Frame3D(
    objects: [
      FrameObject(
        object: SplitPlane(
          normal: Vec3(0.0, 0.8577088, 0.5141358),
          k: 0.9234083,
          blend: 0.05,
          positive_side_colour: (244, 29, 9),
          negative_side_colour: (26, 234, 23),
        ),
        colour: (0, 0, 0),
        fadeoff: 0.0,
      ),
    ],
    blend: false,
  )),
  Frame3D(Frame3D(
    objects: [
      FrameObject(
        object: SplitPlane(
          normal: Vec3(0.0, 0.85252464, 0.5226871),
          k: -0.86366546,
          blend: 0.05,
          positive_side_colour: (244, 29, 9),
          negative_side_colour: (26, 234, 23),
        ),
        colour: (0, 0, 0),
        fadeoff: 0.0,
      ),
    ],
    blend: false,
  )),
  Frame3D(Frame3D(
    objects: [
      FrameObject(
        object: SplitPlane(
          normal: Vec3(0.0, 0.84725523, 0.531186),
          k: 0.95403117,
          blend: 0.05,
          positive_side_colour: (244, 29, 9),
          negative_side_colour: (26, 234, 23),
        ),
        colour: (0, 0, 0),
        fadeoff: 0.0,
      ),
    ],
    blend: false,
  )),
  Frame3D(Frame3D(
    objects: [
      FrameObject(
        object: SplitPlane(
          normal: Vec3(0.0, 0.84190106, 0.53963184),
          k: 2.8300648,
          blend: 0.05,
          positive_side_colour: (244, 29, 9),
          negative_side_colour: (26, 234, 23),
        ),
        colour: (0, 0, 0),
        fadeoff: 0.0,
      ),
    ],
    blend: false,
  )),
  Frame3D(Frame3D(
    objects: [
      FrameObject(
        object: SplitPlane(
          normal: Vec3(0.0, 0.83646274, 0.5480237),
          k: 0.98427236,
          blend: 0.05,
          positive_side_colour: (244, 29, 9),
          negative_side_colour: (26, 234, 23),
        ),
        colour: (0, 0, 0),
        fadeoff: 0.0,
      ),
    ],
    blend: false,
  )),
  Frame3D(Frame3D(
    objects: [
      FrameObject(
        object: SplitPlane(
          normal: Vec3(0.0, 0.83094084, 0.5563608),
          k: -0.9193064,
          blend: 0.05,
          positive_side_colour: (244, 29, 9),
          negative_side_colour: (26, 234, 23),
        ),
        colour: (0, 0, 0),
        fadeoff: 0.0,
      ),
    ],
    blend: false,
  )),
  Frame3D(Frame3D(
    objects: [
      FrameObject(
        object: SplitPlane(
          normal: Vec3(0.0, 0.82533574, 0.5646422),
          k: 1.0141199,
          blend: 0.05,
          positive_side_colour: (244, 29, 9),
          negative_side_colour: (26, 234, 23),
        ),
        colour: (0, 0, 0),
        fadeoff: 0.0,
      ),
    ],
    blend: false,
  )),
  Frame3D(Frame3D(
    objects: [
      FrameObject(
        object: SplitPlane(
          normal: Vec3(0.0, 0.81964815, 0.5728672),
          k: 3.0043657,
          blend: 0.05,
          positive_side_colour: (244, 29, 9),
          negative_side_colour: (26, 234, 23),
        ),
        colour: (0, 0, 0),
        fadeoff: 0.0,
      ),
    ],
    blend: false,
  )),
  Frame3D(Frame3D(
    objects: [
      FrameObject(
        object: SplitPlane(
          normal: Vec3(0.0, 0.81387866, 0.58103496),
          k: 1.0435619,
          blend: 0.05,
          positive_side_colour: (244, 29, 9),
          negative_side_colour: (26, 234, 23),
        ),
        colour: (0, 0, 0),
        fadeoff: 0.0,
      ),
    ],
    blend: false,
  )),
  Frame3D(Frame3D(
    objects: [
      FrameObject(
        object: SplitPlane(
          normal: Vec3(0.0, 0.80802774, 0.5891445),
          k: -0.9734769,
          blend: 0.05,
          positive_side_colour: (244, 29, 9),
          negative_side_colour: (26, 234, 23),
        ),
        colour: (0, 0, 0),
        fadeoff: 0.0,
      ),
    ],
    blend: false,
  )),
  Frame3D(Frame3D(
    objects: [
      FrameObject(
        object: SplitPlane(
          normal: Vec3(0.0, 0.8020959, 0.59719515),
          k: 1.0725863,
          blend: 0.05,
          positive_side_colour: (244, 29, 9),
          negative_side_colour: (26, 234, 23),
        ),
        colour: (0, 0, 0),
        fadeoff: 0.0,
      ),
    ],
    blend: false,
  )),
  Frame3D(Frame3D(
    objects: [
      FrameObject(
        object: SplitPlane(
          normal: Vec3(0.0, 0.79608405, 0.60518616),
          k: 3.1738603,
          blend: 0.05,
          positive_side_colour: (244, 29, 9),
          negative_side_colour: (26, 234, 23),
        ),
        colour: (0, 0, 0),
        fadeoff: 0.0,
      ),
    ],
    blend: false,
  )),
  Frame3D(Frame3D(
    objects: [
      FrameObject(
        object: SplitPlane(
          normal: Vec3(0.0, 0.7899925, 0.6131166),
          k: 1.1011819,
          blend: 0.05,
          positive_side_colour: (244, 29, 9),
          negative_side_colour: (26, 234, 23),
        ),
        colour: (0, 0, 0),
        fadeoff: 0.0,
      ),
    ],
    blend: false,
  )),
  Frame3D(Frame3D(
    objects: [
      FrameObject(
        object: SplitPlane(
          normal: Vec3(0.0, 0.78382194, 0.6209857),
          k: -1.0260898,
          blend: 0.05,
          positive_side_colour: (244, 29, 9),
          negative_side_colour: (26, 234, 23),
        ),
        colour: (0, 0, 0),
        fadeoff: 0.0,
      ),
    ],
    blend: false,
  )),
  Frame3D(Frame3D(
    objects: [
      FrameObject(
        object: SplitPlane(
          normal: Vec3(0.0, 0.777573, 0.62879276),
          k: 1.1293368,
          blend: 0.05,
          positive_side_colour: (244, 29, 9),
          negative_side_colour: (26, 234, 23),
        ),
        colour: (0, 0, 0),
        fadeoff: 0.0,
      ),
    ],
    blend: false,
  )),
  Frame3D(Frame3D(
    objects: [
      FrameObject(
        object: SplitPlane(
          normal: Vec3(0.0, 0.7712462, 0.6365369),
          k: 3.338277,
          blend: 0.05,
          positive_side_colour: (244, 29, 9),
          negative_side_colour: (26, 234, 23),
        ),
        colour: (0, 0, 0),
        fadeoff: 0.0,
      ),
    ],
    blend: false,
  )),
  Frame3D(Frame3D(
    objects: [
      FrameObject(
        object: SplitPlane(
          normal: Vec3(0.0, 0.7648424, 0.6442174),
          k: 1.15704,
          blend: 0.05,
          positive_side_colour: (244, 29, 9),
          negative_side_colour: (26, 234, 23),
        ),
        colour: (0, 0, 0),
        fadeoff: 0.0,
      ),
    ],
    blend: false,
  )),
  Frame3D(Frame3D(
    objects: [
      FrameObject(
        object: SplitPlane(
          normal: Vec3(0.0, 0.7583622, 0.6518335),
          k: -1.0770614,
          blend: 0.05,
          positive_side_colour: (244, 29, 9),
          negative_side_colour: (26, 234, 23),
        ),
        colour: (0, 0, 0),
        fadeoff: 0.0,
      ),
    ],
    blend: false,
  )),
  Frame3D(Frame3D(
    objects: [
      FrameObject(
        object: SplitPlane(
          normal: Vec3(0.0, 0.75180596, 0.65938437),
          k: 1.1842806,
          blend: 0.05,
          positive_side_colour: (244, 29, 9),
          negative_side_colour: (26, 234, 23),
        ),
        colour: (0, 0, 0),
        fadeoff: 0.0,
      ),
    ],
    blend: false,
  )),
  Frame3D(Frame3D(
    objects: [
      FrameObject(
        object: SplitPlane(
          normal: Vec3(0.0, 0.74517465, 0.66686934),
          k: 3.4973538,
          blend: 0.05,
          positive_side_colour: (244, 29, 9),
          negative_side_colour: (26, 234, 23),
        ),
        colour: (0, 0, 0),
        fadeoff: 0.0,
      ),
    ],
    blend: false,
  )),
  Frame3D(Frame3D(
    objects: [
      FrameObject(
        object: SplitPlane(
          normal: Vec3(0.0, 0.73846877, 0.67428756),
          k: 1.2110473,
          blend: 0.05,
          positive_side_colour: (244, 29, 9),
          negative_side_colour: (26, 234, 23),
        ),
        colour: (0, 0, 0),
        fadeoff: 0.0,
      ),
    ],
    blend: false,
  )),
  Frame3D(Frame3D(
    objects: [
      FrameObject(
        object: SplitPlane(
          normal: Vec3(0.0, 0.7316892, 0.6816385),
          k: -1.1263099,
          blend: 0.05,
          positive_side_colour: (244, 29, 9),
          negative_side_colour: (26, 234, 23),
        ),
        colour: (0, 0, 0),
        fadeoff: 0.0,
      ),
    ],
    blend: false,
  )),
  Frame3D(Frame3D(
    objects: [
      FrameObject(
        object: SplitPlane(
          normal: Vec3(0.0, 0.7248364, 0.68892115),
          k: 1.2373298,
          blend: 0.05,
          positive_side_colour: (244, 29, 9),
          negative_side_colour: (26, 234, 23),
        ),
        colour: (0, 0, 0),
        fadeoff: 0.0,
      ),
    ],
    blend: false,
  )),
  Frame3D(Frame3D(
    objects: [
      FrameObject(
        object: SplitPlane(
          normal: Vec3(0.0, 0.717911, 0.6961349),
          k: 3.6508353,
          blend: 0.05,
          positive_side_colour: (244, 29, 9),
          negative_side_colour: (26, 234, 23),
        ),
        colour: (0, 0, 0),
        fadeoff: 0.0,
      ),
    ],
    blend: false,
  )),
  Frame3D(Frame3D(
    objects: [
      FrameObject(
        object: SplitPlane(
          normal: Vec3(0.0, 0.71091384, 0.7032791),
          k: 1.2631172,
          blend: 0.05,
          positive_side_colour: (244, 29, 9),
          negative_side_colour: (26, 234, 23),
        ),
        colour: (0, 0, 0),
        fadeoff: 0.0,
      ),
    ],
    blend: false,
  )),
  Frame3D(Frame3D(
    objects: [
      FrameObject(
        object: SplitPlane(
          normal: Vec3(0.0, 0.7038456, 0.71035296),
          k: -1.1737564,
          blend: 0.05,
          positive_side_colour: (244, 29, 9),
          negative_side_colour: (26, 234, 23),
        ),
        colour: (0, 0, 0),
        fadeoff: 0.0,
      ),
    ],
    blend: false,
  )),
  Frame3D(Frame3D(
    objects: [
      FrameObject(
        object: SplitPlane(
          normal: Vec3(0.0, 0.69670707, 0.7173558),
          k: 1.2883996,
          blend: 0.05,
          positive_side_colour: (244, 29, 9),
          negative_side_colour: (26, 234, 23),
        ),
        colour: (0, 0, 0),
        fadeoff: 0.0,
      ),
    ],
    blend: false,
  )),
  Frame3D(Frame3D(
    objects: [
      FrameObject(
        object: SplitPlane(
          normal: Vec3(0.0, 0.6894988, 0.72428685),
          k: 3.7984762,
          blend: 0.05,
          positive_side_colour: (244, 29, 9),
          negative_side_colour: (26, 234, 23),
        ),
        colour: (0, 0, 0),
        fadeoff: 0.0,
      ),
    ],
    blend: false,
  )),
  Frame3D(Frame3D(
    objects: [
      FrameObject(
        object: SplitPlane(
          normal: Vec3(0.0, 0.6822216, 0.7311455),
          k: 1.3131664,
          blend: 0.05,
          positive_side_colour: (244, 29, 9),
          negative_side_colour: (26, 234, 23),
        ),
        colour: (0, 0, 0),
        fadeoff: 0.0,
      ),
    ],
    blend: false,
  )),
  Frame3D(Frame3D(
    objects: [
      FrameObject(
        object: SplitPlane(
          normal: Vec3(0.0, 0.67487615, 0.7379311),
          k: -1.2193253,
          blend: 0.05,
          positive_side_colour: (244, 29, 9),
          negative_side_colour: (26, 234, 23),
        ),
        colour: (0, 0, 0),
        fadeoff: 0.0,
      ),
    ],
    blend: false,
  )),
  Frame3D(Frame3D(
    objects: [
      FrameObject(
        object: SplitPlane(
          normal: Vec3(0.0, 0.6674632, 0.7446428),
          k: 1.3374081,
          blend: 0.05,
          positive_side_colour: (244, 29, 9),
          negative_side_colour: (26, 234, 23),
        ),
        colour: (0, 0, 0),
        fadeoff: 0.0,
      ),
    ],
    blend: false,
  )),
  Frame3D(Frame3D(
    objects: [
      FrameObject(
        object: SplitPlane(
          normal: Vec3(0.0, 0.65998346, 0.75128007),
          k: 3.9400403,
          blend: 0.05,
          positive_side_colour: (244, 29, 9),
          negative_side_colour: (26, 234, 23),
        ),
        colour: (0, 0, 0),
        fadeoff: 0.0,
      ),
    ],
    blend: false,
  )),
  Frame3D(Frame3D(
    objects: [
      FrameObject(
        object: SplitPlane(
          normal: Vec3(0.0, 0.6524379, 0.75784224),
          k: 1.3611149,
          blend: 0.05,
          positive_side_colour: (244, 29, 9),
          negative_side_colour: (26, 234, 23),
        ),
        colour: (0, 0, 0),
        fadeoff: 0.0,
      ),
    ],
    blend: false,
  )),
  Frame3D(Frame3D(
    objects: [
      FrameObject(
        object: SplitPlane(
          normal: Vec3(0.0, 0.6448269, 0.7643286),
          k: -1.2629434,
          blend: 0.05,
          positive_side_colour: (244, 29, 9),
          negative_side_colour: (26, 234, 23),
        ),
        colour: (0, 0, 0),
        fadeoff: 0.0,
      ),
    ],
    blend: false,
  )),
  Frame3D(Frame3D(
    objects: [
      FrameObject(
        object: SplitPlane(
          normal: Vec3(0.0, 0.6371516, 0.77073854),
          k: 1.3842771,
          blend: 0.05,
          positive_side_colour: (244, 29, 9),
          negative_side_colour: (26, 234, 23),
        ),
        colour: (0, 0, 0),
        fadeoff: 0.0,
      ),
    ],
    blend: false,
  )),
  Frame3D(Frame3D(
    objects: [
      FrameObject(
        object: SplitPlane(
          normal: Vec3(0.0, 0.6294124, 0.77707136),
          k: 4.075301,
          blend: 0.05,
          positive_side_colour: (244, 29, 9),
          negative_side_colour: (26, 234, 23),
        ),
        colour: (0, 0, 0),
        fadeoff: 0.0,
      ),
    ],
    blend: false,
  )),
  Frame3D(Frame3D(
    objects: [
      FrameObject(
        object: SplitPlane(
          normal: Vec3(0.0, 0.62161046, 0.78332657),
          k: 1.4068857,
          blend: 0.05,
          positive_side_colour: (244, 29, 9),
          negative_side_colour: (26, 234, 23),
        ),
        colour: (0, 0, 0),
        fadeoff: 0.0,
      ),
    ],
    blend: false,
  )),
  Frame3D(Frame3D(
    objects: [
      FrameObject(
        object: SplitPlane(
          normal: Vec3(0.0, 0.61374617, 0.7895034),
          k: -1.3045411,
          blend: 0.05,
          positive_side_colour: (244, 29, 9),
          negative_side_colour: (26, 234, 23),
        ),
        colour: (0, 0, 0),
        fadeoff: 0.0,
      ),
    ],
    blend: false,
  )),
  Frame3D(Frame3D(
    objects: [
      FrameObject(
        object: SplitPlane(
          normal: Vec3(0.0, 0.60582054, 0.79560125),
          k: 1.4289315,
          blend: 0.05,
          positive_side_colour: (244, 29, 9),
          negative_side_colour: (26, 234, 23),
        ),
        colour: (0, 0, 0),
        fadeoff: 0.0,
      ),
    ],
    blend: false,
  )),
  Frame3D(Frame3D(
    objects: [
      FrameObject(
        object: SplitPlane(
          normal: Vec3(0.0, 0.59783447, 0.80161965),
          k: 4.2040434,
          blend: 0.05,
          positive_side_colour: (244, 29, 9),
          negative_side_colour: (26, 234, 23),
        ),
        colour: (0, 0, 0),
        fadeoff: 0.0,
      ),
    ],
    blend: false,
  )),
  Frame3D(Frame3D(
    objects: [
      FrameObject(
        object: SplitPlane(
          normal: Vec3(0.0, 0.58978856, 0.80755776),
          k: 1.450406,
          blend: 0.05,
          positive_side_colour: (244, 29, 9),
          negative_side_colour: (26, 234, 23),
        ),
        colour: (0, 0, 0),
        fadeoff: 0.0,
      ),
    ],
    blend: false,
  )),
  Frame3D(Frame3D(
    objects: [
      FrameObject(
        object: SplitPlane(
          normal: Vec3(0.0, 0.5816835, 0.81341517),
          k: -1.344052,
          blend: 0.05,
          positive_side_colour: (244, 29, 9),
          negative_side_colour: (26, 234, 23),
        ),
        colour: (0, 0, 0),
        fadeoff: 0.0,
      ),
    ],
    blend: false,
  )),
  Frame3D(Frame3D(
    objects: [
      FrameObject(
        object: SplitPlane(
          normal: Vec3(0.0, 0.57352054, 0.8191912),
          k: 1.4713,
          blend: 0.05,
          positive_side_colour: (244, 29, 9),
          negative_side_colour: (26, 234, 23),
        ),
        colour: (0, 0, 0),
        fadeoff: 0.0,
      ),
    ],
    blend: false,
  )),
  Frame3D(Frame3D(
    objects: [
      FrameObject(
        object: SplitPlane(
          normal: Vec3(0.0, 0.56530005, 0.8248853),
          k: 4.3260584,
          blend: 0.05,
          positive_side_colour: (244, 29, 9),
          negative_side_colour: (26, 234, 23),
        ),
        colour: (0, 0, 0),
        fadeoff: 0.0,
      ),
    ],
    blend: false,
  )),
  Frame3D(Frame3D(
    objects: [
      FrameObject(
        object: SplitPlane(
          normal: Vec3(0.0, 0.557023, 0.83049697),
          k: 1.4916056,
          blend: 0.05,
          positive_side_colour: (244, 29, 9),
          negative_side_colour: (26, 234, 23),
        ),
        colour: (0, 0, 0),
        fadeoff: 0.0,
      ),
    ],
    blend: false,
  )),
  Frame3D(Frame3D(
    objects: [
      FrameObject(
        object: SplitPlane(
          normal: Vec3(0.0, 0.54869044, 0.83602566),
          k: -1.3814125,
          blend: 0.05,
          positive_side_colour: (244, 29, 9),
          negative_side_colour: (26, 234, 23),
        ),
        colour: (0, 0, 0),
        fadeoff: 0.0,
      ),
    ],
    blend: false,
  )),
]
